// Jest Snapshot v1, https://goo.gl/fbAQLP

exports[`<StatusLine />  tests <StatusLine /> snapshot 1`] = `
.emotion-1 {
  padding-top: 10px;
  display: -webkit-box;
  display: -webkit-flex;
  display: -ms-flexbox;
  display: flex;
  -webkit-box-pack: center;
  -webkit-justify-content: center;
  -ms-flex-pack: center;
  justify-content: center;
  font-size: 0.9em;
  color: #505050;
}

.emotion-0 {
  margin-right: 20px;
}

<div
  className="emotion-1"
>
  <div
    className="emotion-0"
  >
    Size: 
    25
     x 
    31
  </div>
  <div>
    Tick Interval: 
    <b>
      548
    </b>
     ms
  </div>
</div>
`;
